[1m
════════════════════════════════════════════════════════════════════════════════[0m
[1m  Weekly Workout Generation - End-to-End Tests[0m
[1m════════════════════════════════════════════════════════════════════════════════[0m
[34mBackend: https://fitai-workers.sharmaharsh9887.workers.dev[0m
[35mTest Mode: NO FALLBACK - Weekly Plan Only[0m
[34mTest User: harshsharmacop@gmail.com[0m
[36mℹ️  Authenticating with Supabase...[0m
[32m✅ Authenticated as harshsharmacop@gmail.com[0m
[1m
════════════════════════════════════════════════════════════════════════════════[0m
[1m  Scenario 1: 3-Day Workout Plan with Variety[0m
[1m════════════════════════════════════════════════════════════════════════════════[0m
[36mℹ️  Request: 3 workouts/week, gym equipment, muscle gain[0m
[36mℹ️  Expected: Push/Pull/Legs split with different exercises[0m
[31m❌ API Error: {
  "code": "AI_INVALID_RESPONSE",
  "message": "AI returned workout without exercises",
  "details": {
    "received": {
      "id": "weekly_plan_muscle_gain_dumbbell_ppl_intermediate",
      "planTitle": "3-Day Dumbbell Push/Pull/Legs Strength Plan",
      "planDescription": "This intermediate 3-day dumbbell strength plan is designed for muscle gain, utilizing a Push/Pull/Legs split. Each session targets specific muscle groups with a mix of compound and isolation movements, aiming to maximize hypertrophy and strength within a 30-45 minute timeframe. Focus on proper form and progressive overload by gradually increasing weight or reps over time.",
      "workouts": [
        {
          "dayOfWeek": "friday",
          "workout": {
            "title": "Push Day - Chest & Triceps",
            "description": "This session focuses on pushing movements, targeting your chest and triceps. Emphasize controlled movements and full range of motion to maximize muscle activation.",
            "totalDuration": 40,
            "difficulty": "intermediate",
            "estimatedCalories": 320,
            "warmup": [
              {
                "exerciseId": "PDaMuyV",
                "sets": 2,
                "reps": "10-12",
                "restSeconds": 30,
                "notes": "Light weight, dynamic movement to activate chest.",
                "tempo": "2-0-1-0"
              },
              {
                "exerciseId": "eOCOwIR",
                "sets": 2,
                "reps": "12-15",
                "restSeconds": 30,
                "notes": "Light weight, controlled movement to warm up triceps.",
                "tempo": "2-0-1-0"
              }
            ],
            "exercises": [
              {
                "exerciseId": "SpYC0Kp",
                "sets": 3,
                "reps": "8-12",
                "restSeconds": 75,
                "notes": "Perform with a moderate, controlled tempo.",
                "tempo": "2-0-1-0"
              },
              {
                "exerciseId": "PG1kcIb",
                "sets": 3,
                "reps": "8-12",
                "restSeconds": 75,
                "notes": "Focus on squeezing your upper chest at the top of the movement.",
                "tempo": "2-0-1-0"
              },
              {
                "exerciseId": "1qrWgZ2",
                "sets": 3,
                "reps": "10-15",
                "restSeconds": 60,
                "notes": "Ensure a slight decline for optimal lower chest engagement.",
                "tempo": "2-0-1-0"
              },
              {
                "exerciseId": "RxayqAZ",
                "sets": 3,
                "reps": "8-12",
                "restSeconds": 75,
                "notes": "Keep elbows tucked close to your body to target triceps.",
                "tempo": "2-0-1-0"
              },
              {
                "exerciseId": "ziFKQXP",
                "sets": 3,
                "reps": "10-15",
                "restSeconds": 60,
                "notes": "Use an exercise ball for core stability. Focus on extending the arm fully.",
                "tempo": "2-0-1-0"
              },
              {
                "exerciseId": "s5PdDyY",
                "sets": 3,
                "reps": "12-15",
                "restSeconds": 60,
                "notes": "Press dumbbells together over your chest, focusing on the triceps contraction.",
                "tempo": "2-0-1-0"
              }
            ],
            "cooldown": [
              {
                "exerciseId": "9XjtHvS",
                "sets": 2,
                "reps": "10-12",
                "restSeconds": 30,
                "notes": "Perform slowly, focusing on stretching the chest and lats.",
                "tempo": "3-0-3-0"
              },
              {
                "exerciseId": "W7yh3Yo",
                "sets": 2,
                "reps": "15-20",
                "restSeconds": 30,
                "notes": "Light weight, controlled movement for triceps stretch.",
                "tempo": "2-0-2-0"
              }
            ],
            "coachingTips": [
              "Focus on maintaining proper form throughout each exercise to maximize muscle engagement and prevent injury.",
              "Aim for progressive overload by gradually increasing the weight or reps as you get stronger.",
              "Ensure adequate rest between sets to allow for recovery and optimal performance."
            ],
            "progressionNotes": "Once you can comfortably complete all sets and reps with good form, aim to increase the weight by a small increment (e.g., 0.5-1kg per dumbbell) or add 1-2 reps to each set."
          }
        },
        {
          "dayOfWeek": "monday",
          "workout": {
            "title": "Pull Day - Back",
            "description": "This session focuses on pulling movements, primarily targeting your back muscles. Concentrate on engaging your lats and upper back for effective muscle growth.",
            "totalDuration": 40,
            "difficulty": "intermediate",
            "estimatedCalories": 330,
            "warmup": [
              {
                "exerciseId": "BJ0Hz5L",
                "sets": 2,
                "reps": "10-12",
                "restSeconds": 30,
                "notes": "Light weight, dynamic movement to activate back muscles.",
                "tempo": "2-0-1-0"
              },
              {
                "exerciseId": "C0MA9bC",
                "sets": 2,
                "reps": "10-12",
                "restSeconds": 30,
                "notes": "Light weight, dynamic movement for unilateral back activation.",
                "tempo": "2-0-1-0"
              }
            ],
            "exercises": [
              {
                "exerciseId": "BJ0Hz5L",
                "sets": 3,
                "reps": "8-12",
                "restSeconds": 75,
                "notes": "Maintain a flat back and pull the dumbbells towards your hips.",
                "tempo": "2-0-1-0"
              },
              {
                "exerciseId": "C0MA9bC",
                "sets": 3,
                "reps": "8-12",
                "restSeconds": 75,
                "notes": "Focus on one side at a time, pulling with your elbow and squeezing your back.",
                "tempo": "2-0-1-0"
              },
              {
                "exerciseId": "7vG5o25",
                "sets": 3,
                "reps": "10-15",
                "restSeconds": 60,
                "notes": "Keep your chest on the incline bench, pulling dumbbells towards your lower chest.",
                "tempo": "2-0-1-0"
              },
              {
                "exerciseId": "wt6rwjk",
                "sets": 3,
                "reps": "8-12",
                "restSeconds": 75,
                "notes": "Rotate palms up as you pull, engaging different back muscles.",
                "tempo": "2-0-1-0"
              },
              {
                "exerciseId": "ZIViNh1",
                "sets": 3,
                "reps": "10-15",
                "restSeconds": 60,
                "notes": "Reverse grip targets lower lats. Perform unilaterally.",
                "tempo": "2-0-1-0"
              },
              {
                "exerciseId": "XUUD0Fs",
                "sets": 3,
                "reps": "12-15",
                "restSeconds": 60,
                "notes": "Focus on squeezing your shoulder blades together to hit the rear delts and upper back.",
                "tempo": "2-0-1-0"
              }
            ],
            "cooldown": [
              {
                "exerciseId": "7vG5o25",
                "sets": 2,
                "reps": "10-12",
                "restSeconds": 30,
                "notes": "Light weight, slow and controlled for a back stretch.",
                "tempo": "3-0-3-0"
              },
              {
                "exerciseId": "9pQSkH8",
                "sets": 2,
                "reps": "10-12",
                "restSeconds": 30,
                "notes": "Light weight, focus on stretching the lats and upper back.",
                "tempo": "3-0-3-0"
              }
            ],
            "coachingTips": [
              "Ensure your core is braced throughout all rowing movements to protect your lower back.",
              "Initiate the pull with your back muscles, not your biceps.",
              "Vary your grip and angle to target different parts of your back effectively."
            ],
            "progressionNotes": "Once you can comfortably complete all sets and reps with good form, aim to increase the weight by a small increment (e.g., 0.5-1kg per dumbbell) or add 1-2 reps to each set."
          }
        },
        {
          "dayOfWeek": "wednesday",
          "workout": {
            "title": "Leg Day - Upper Legs",
            "description": "This session is dedicated to building strong and powerful upper legs. Focus on compound movements and unilateral exercises to improve strength, balance, and muscle symmetry.",
            "totalDuration": 45,
            "difficulty": "intermediate",
            "estimatedCalories": 340,
            "warmup": [
              {
                "exerciseId": "yn8yg1r",
                "sets": 2,
                "reps": "10-12",
                "restSeconds": 30,
                "notes": "Light weight, dynamic movement to activate leg muscles.",
                "tempo": "2-0-1-0"
              },
              {
                "exerciseId": "r5DgrW9",
                "sets": 2,
                "reps": "12-15",
                "restSeconds": 30,
                "notes": "Light weight, controlled movement to warm up lower body.",
                "tempo": "2-0-1-0"
              }
            ],
            "exercises": [
              {
                "exerciseId": "yn8yg1r",
                "sets": 3,
                "reps": "8-12",
                "restSeconds": 75,
                "notes": "Keep your chest up and squat deep, holding the dumbbell vertically.",
                "tempo": "2-0-1-0"
              },
              {
                "exerciseId": "qx4fgX7",
                "sets": 3,
                "reps": "8-12",
                "restSeconds": 75,
                "notes": "Perform per leg. Focus on balance and depth. Use a bench or step for the back foot.",
                "tempo": "2-0-1-0"
              },
              {
                "exerciseId": "QjE2DcA",
                "sets": 3,
                "reps": "10-15",
                "restSeconds": 60,
                "notes": "Perform per leg. Step onto an elevated surface and then transition into a split squat.",
                "tempo": "2-0-1-0"
              },
              {
                "exerciseId": "gFyFj9z",
                "sets": 3,
                "reps": "8-12",
                "restSeconds": 75,
                "notes": "Perform per leg. Step up onto a bench or box and immediately transition into a lunge.",
                "tempo": "2-0-1-0"
              },
              {
                "exerciseId": "r5DgrW9",
                "sets": 3,
                "reps": "10-15",
                "restSeconds": 60,
                "notes": "Use a light support if needed for balance, focus on controlled movement and full depth.",
                "tempo": "2-0-1-0"
              },
              {
                "exerciseId": "7858za8",
                "sets": 3,
                "reps": "12-15",
                "restSeconds": 60,
                "notes": "Perform per leg. Focus on smooth, continuous motion, stepping up and lunging.",
                "tempo": "2-0-1-0"
              }
            ],
            "cooldown": [
              {
                "exerciseId": "r5DgrW9",
                "sets": 2,
                "reps": "15-20",
                "restSeconds": 30,
                "notes": "Light weight, slow and controlled for a leg stretch. Hold briefly at the bottom.",
                "tempo": "3-0-3-0"
              },
              {
                "exerciseId": "qx4fgX7",
                "sets": 2,
                "reps": "15-20",
                "restSeconds": 30,
                "notes": "Light weight, focus on stretching the hip flexors and quads per leg.",
                "tempo": "3-0-3-0"
              }
            ],
            "coachingTips": [
              "Ensure your knees track in line with your toes during all squat and lunge variations.",
              "Engage your glutes and core to stabilize your body and maximize power.",
              "Control the eccentric (lowering) phase of each movement for better muscle activation."
            ],
            "progressionNotes": "Once you can comfortably complete all sets and reps with good form, aim to increase the weight by a small increment (e.g., 0.5-1kg per dumbbell) or add 1-2 reps to each set."
          }
        }
      ],
      "restDays": [
        "tuesday",
        "thursday",
        "saturday",
        "sunday"
      ],
      "totalEstimatedCalories": 990
    }
  }
}[0m
[31m❌ Status: 500 Internal Server Error[0m
[1m
════════════════════════════════════════════════════════════════════════════════[0m
[1m  Scenario 2: 5-Day Workout Plan with Variety[0m
[1m════════════════════════════════════════════════════════════════════════════════[0m
[36mℹ️  Request: 5 workouts/week, limited equipment, weight loss[0m
[36mℹ️  Expected: Mixed strength/cardio with variety[0m
[31m❌ API Error: {
  "code": "AI_INVALID_RESPONSE",
  "message": "AI returned workout without exercises",
  "details": {
    "received": {
      "id": "weekly_plan_1767629139614",
      "planTitle": "Full Body Beginner Weight Loss Plan",
      "planDescription": "This 5-day full-body dumbbell workout plan is designed for beginners focusing on weight loss. Each session targets all major muscle groups with a mix of strength and endurance exercises to maximize calorie burn and build functional strength. Focus on proper form and gradual progression, aiming for consistent effort and listening to your body.",
      "workouts": [
        {
          "dayOfWeek": "monday",
          "workout": {
            "title": "Full Body Strength Foundation",
            "description": "This workout focuses on foundational strength movements, engaging major muscle groups to build a solid base. Concentrate on controlled movements and proper form.",
            "totalDuration": 40,
            "difficulty": "beginner",
            "estimatedCalories": 300,
            "warmup": [
              {
                "exerciseId": "r5DgrW9",
                "sets": 2,
                "reps": "12",
                "restSeconds": 30,
                "notes": "Light weight, focus on mobility.",
                "tempo": "2-0-2-0"
              },
              {
                "exerciseId": "BJ0Hz5L",
                "sets": 2,
                "reps": "12",
                "restSeconds": 30,
                "notes": "Light weight, focus on contracting the back muscles.",
                "tempo": "2-0-2-0"
              }
            ],
            "exercises": [
              {
                "exerciseId": "yn8yg1r",
                "sets": 3,
                "reps": "10-12",
                "restSeconds": 60,
                "notes": "Maintain an upright chest and deep squat.",
                "tempo": "2-0-2-0"
              },
              {
                "exerciseId": "SpYC0Kp",
                "sets": 3,
                "reps": "8-12",
                "restSeconds": 60,
                "notes": "Control the weight throughout the movement, avoid bouncing.",
                "tempo": "2-0-1-0"
              },
              {
                "exerciseId": "C0MA9bC",
                "sets": 3,
                "reps": "8-12",
                "restSeconds": 60,
                "notes": "Keep your back flat and pull with your elbow towards the ceiling.",
                "tempo": "2-0-2-0"
              },
              {
                "exerciseId": "PG1kcIb",
                "sets": 3,
                "reps": "10-12",
                "restSeconds": 60,
                "notes": "Focus on driving the dumbbells upwards, engaging your shoulders and upper chest.",
                "tempo": "2-0-1-0"
              },
              {
                "exerciseId": "XalXcvM",
                "sets": 3,
                "reps": "10-12",
                "restSeconds": 60,
                "notes": "Keep your core engaged and avoid swinging the dumbbell.",
                "tempo": "2-0-2-0"
              }
            ],
            "cooldown": [
              {
                "exerciseId": "9XjtHvS",
                "sets": 2,
                "reps": "10-12",
                "restSeconds": 30,
                "notes": "Use a light dumbbell, focus on stretching the chest and lats.",
                "tempo": "2-1-2-0"
              },
              {
                "exerciseId": "eOCOwIR",
                "sets": 2,
                "reps": "10-12",
                "restSeconds": 30,
                "notes": "Perform slowly, focusing on triceps stretch.",
                "tempo": "2-1-2-0"
              }
            ],
            "coachingTips": [
              "Focus on mastering the movement patterns before increasing weight.",
              "Breathe deeply: inhale on the eccentric (lowering) phase, exhale on the concentric (lifting) phase."
            ],
            "progressionNotes": "When you can comfortably complete 3 sets of 12 reps with good form, consider a small increase in dumbbell weight."
          }
        },
        {
          "dayOfWeek": "tuesday",
          "workout": {
            "title": "Full Body Endurance & Stability",
            "description": "This session emphasizes endurance and stability, using exercises that challenge your balance and muscular stamina. Higher reps and shorter rest periods will increase calorie expenditure.",
            "totalDuration": 40,
            "difficulty": "beginner",
            "estimatedCalories": 300,
            "warmup": [
              {
                "exerciseId": "qx4fgX7",
                "sets": 2,
                "reps": "8-10",
                "restSeconds": 30,
                "notes": "Bodyweight or very light dumbbells, focus on balance.",
                "tempo": "2-0-2-0"
              },
              {
                "exerciseId": "pP8wP2P",
                "sets": 2,
                "reps": "10-12",
                "restSeconds": 30,
                "notes": "Light weight, focus on chest activation.",
                "tempo": "2-0-2-0"
              }
            ],
            "exercises": [
              {
                "exerciseId": "gFyFj9z",
                "sets": 3,
                "reps": "10-12",
                "restSeconds": 60,
                "notes": "Step up onto a sturdy surface, controlling the descent. Alternate legs.",
                "tempo": "2-0-2-0"
              },
              {
                "exerciseId": "rDAiRf9",
                "sets": 3,
                "reps": "10-12",
                "restSeconds": 60,
                "notes": "Focus on one arm at a time, engaging core to prevent rotation.",
                "tempo": "2-0-1-0"
              },
              {
                "exerciseId": "wt6rwjk",
                "sets": 3,
                "reps": "10-15",
                "restSeconds": 45,
                "notes": "Rotate palms inward at the top of the movement for extra back engagement.",
                "tempo": "2-0-1-0"
              },
              {
                "exerciseId": "LL1UiTX",
                "sets": 3,
                "reps": "10-12",
                "restSeconds": 60,
                "notes": "Press one dumbbell overhead at an incline, control the lowering.",
                "tempo": "2-0-1-0"
              },
              {
                "exerciseId": "s5PdDyY",
                "sets": 3,
                "reps": "12-15",
                "restSeconds": 45,
                "notes": "Keep elbows tucked in, press dumbbells together at the top.",
                "tempo": "2-0-1-0"
              }
            ],
            "cooldown": [
              {
                "exerciseId": "7vG5o25",
                "sets": 2,
                "reps": "12-15",
                "restSeconds": 30,
                "notes": "Use light weight, focus on stretching the back.",
                "tempo": "2-1-2-0"
              },
              {
                "exerciseId": "ziFKQXP",
                "sets": 2,
                "reps": "10-12",
                "restSeconds": 30,
                "notes": "Use light weight, focus on triceps stretch over your head.",
                "tempo": "2-1-2-0"
              }
            ],
            "coachingTips": [
              "Maintain a steady pace throughout the workout to keep your heart rate up.",
              "Engage your core in all movements for better stability and injury prevention."
            ],
            "progressionNotes": "Aim to complete all reps with good form. Once comfortable, try adding 1-2 reps or reducing rest time slightly."
          }
        },
        {
          "dayOfWeek": "wednesday",
          "workout": {
            "title": "Full Body Power & Control",
            "description": "This workout focuses on controlled power, combining compound movements with isolation exercises to build strength and improve muscle control. Pay attention to the eccentric phase of each movement.",
            "totalDuration": 40,
            "difficulty": "beginner",
            "estimatedCalories": 300,
            "warmup": [
              {
                "exerciseId": "QjE2DcA",
                "sets": 2,
                "reps": "10-12",
                "restSeconds": 30,
                "notes": "Bodyweight or very light dumbbells, focus on leg activation.",
                "tempo": "2-0-2-0"
              },
              {
                "exerciseId": "TVdivgY",
                "sets": 2,
                "reps": "10-12",
                "restSeconds": 30,
                "notes": "Light weight, focus on engaging chest and shoulders.",
                "tempo": "2-0-2-0"
              }
            ],
            "exercises": [
              {
                "exerciseId": "7858za8",
                "sets": 3,
                "reps": "10-12",
                "restSeconds": 60,
                "notes": "Perform with smooth, continuous motion, alternating legs.",
                "tempo": "2-0-2-0"
              },
              {
                "exerciseId": "REGM1dE",
                "sets": 3,
                "reps": "8-12",
                "restSeconds": 60,
                "notes": "Focus on driving the dumbbell up and controlling the descent with one arm.",
                "tempo": "2-0-1-0"
              },
              {
                "exerciseId": "XUUD0Fs",
                "sets": 3,
                "reps": "10-15",
                "restSeconds": 45,
                "notes": "Lie on a bench, focus on squeezing your rear delts and upper back.",
                "tempo": "2-0-1-0"
              },
              {
                "exerciseId": "VYmYxK5",
                "sets": 3,
                "reps": "10-12",
                "restSeconds": 60,
                "notes": "Use an exercise ball for added core stability; press with one arm.",
                "tempo": "2-0-1-0"
              },
              {
                "exerciseId": "RxayqAZ",
                "sets": 3,
                "reps": "10-12",
                "restSeconds": 60,
                "notes": "Keep dumbbells close together throughout the movement to engage triceps and inner chest.",
                "tempo": "2-0-1-0"
              }
            ],
            "cooldown": [
              {
                "exerciseId": "K3dIO25",
                "sets": 2,
                "reps": "10-12",
                "restSeconds": 30,
                "notes": "Perform slowly with a light dumbbell for gentle chest stretch.",
                "tempo": "2-1-2-0"
              },
              {
                "exerciseId": "W7yh3Yo",
                "sets": 2,
                "reps": "10-12",
                "restSeconds": 30,
                "notes": "Light dumbbell, focus on a deep stretch in the triceps.",
                "tempo": "2-1-2-0"
              }
            ],
            "coachingTips": [
              "Control the weight on both the lifting and lowering phases for maximum muscle engagement.",
              "If using an exercise ball, ensure it is stable and you are balanced before starting the exercise."
            ],
            "progressionNotes": "Focus on maintaining strict form. If you find yourself losing control, reduce the weight slightly."
          }
        },
        {
          "dayOfWeek": "thursday",
          "workout": {
            "title": "Full Body Functional Strength",
            "description": "This workout integrates functional movements to improve overall strength and coordination. Focus on smooth transitions and full range of motion for each exercise.",
            "totalDuration": 40,
            "difficulty": "beginner",
            "estimatedCalories": 300,
            "warmup": [
              {
                "exerciseId": "Bg5JKSH",
                "sets": 2,
                "reps": "10-12",
                "restSeconds": 30,
                "notes": "Light weight, gentle press to activate chest and shoulders.",
                "tempo": "2-0-2-0"
              },
              {
                "exerciseId": "KQfySvS",
                "sets": 2,
                "reps": "30 seconds",
                "restSeconds": 30,
                "notes": "Light weight, focus on holding and engaging back muscles.",
                "tempo": "N/A"
              }
            ],
            "exercises": [
              {
                "exerciseId": "r5DgrW9",
                "sets": 3,
                "reps": "12-15",
                "restSeconds": 45,
                "notes": "Use a light dumbbell for support, focus on deep squat mechanics.",
                "tempo": "2-0-2-0"
              },
              {
                "exerciseId": "PDaMuyV",
                "sets": 3,
                "reps": "10-12",
                "restSeconds": 60,
                "notes": "Press one dumbbell up on an incline, controlling the movement.",
                "tempo": "2-0-1-0"
              },
              {
                "exerciseId": "9pQSkH8",
                "sets": 3,
                "reps": "10-12",
                "restSeconds": 60,
                "notes": "Use an incline bench, palms facing up, pull dumbbells towards your waist.",
                "tempo": "2-0-2-0"
              },
              {
                "exerciseId": "wkgnGfb",
                "sets": 3,
                "reps": "10-12",
                "restSeconds": 60,
                "notes": "Press dumbbells overhead using an exercise ball for stability.",
                "tempo": "2-0-1-0"
              },
              {
                "exerciseId": "jDnrkar",
                "sets": 3,
                "reps": "10-12",
                "restSeconds": 60,
                "notes": "Press one dumbbell overhead on an incline using an exercise ball.",
                "tempo": "2-0-1-0"
              }
            ],
            "cooldown": [
              {
                "exerciseId": "8eqjhOl",
                "sets": 2,
                "reps": "10-12",
                "restSeconds": 30,
                "notes": "Light weight, focus on gentle chest and triceps stretch.",
                "tempo": "2-1-2-0"
              },
              {
                "exerciseId": "SHUMp5H",
                "sets": 2,
                "reps": "10-12",
                "restSeconds": 30,
                "notes": "Light weight, focus on shoulder and triceps stretch.",
                "tempo": "2-1-2-0"
              }
            ],
            "coachingTips": [
              "Ensure your exercise ball is stable if using one, and maintain a strong core.",
              "Focus on the mind-muscle connection, feeling the target muscle work."
            ],
            "progressionNotes": "Aim for smooth, controlled movements. If form breaks down, reduce reps or weight."
          }
        },
        {
          "dayOfWeek": "friday",
          "workout": {
            "title": "Full Body Core & Finisher",
            "description": "This final workout of the week provides a full-body challenge with an emphasis on core engagement and high-intensity finishers. Push through to complete all sets with good form.",
            "totalDuration": 40,
            "difficulty": "beginner",
            "estimatedCalories": 300,
            "warmup": [
              {
                "exerciseId": "yn8yg1r",
                "sets": 2,
                "reps": "12",
                "restSeconds": 30,
                "notes": "Light weight, focus on deep squat and hip mobility.",
                "tempo": "2-0-2-0"
              },
              {
                "exerciseId": "1qrWgZ2",
                "sets": 2,
                "reps": "10-12",
                "restSeconds": 30,
                "notes": "Light weight, gentle press to activate chest and triceps.",
                "tempo": "2-0-2-0"
              }
            ],
            "exercises": [
              {
                "exerciseId": "ZIViNh1",
                "sets": 3,
                "reps": "10-12",
                "restSeconds": 60,
                "notes": "Use an incline bench, pull with one arm, palm facing up.",
                "tempo": "2-0-2-0"
              },
              {
                "exerciseId": "Nh3mvOO",
                "sets": 3,
                "reps": "10-12",
                "restSeconds": 60,
                "notes": "Keep core tight, pull dumbbells towards your torso with palms facing up.",
                "tempo": "2-0-2-0"
              },
              {
                "exerciseId": "7jGOBF3",
                "sets": 3,
                "reps": "10-12",
                "restSeconds": 60,
                "notes": "Keep dumbbells close together, focus on triceps and inner chest.",
                "tempo": "2-0-1-0"
              },
              {
                "exerciseId": "z6TAHoT",
                "sets": 3,
                "reps": "10-12",
                "restSeconds": 60,
                "notes": "Add a slight twist at the top of the press to engage more chest fibers.",
                "tempo": "2-0-1-0"
              },
              {
                "exerciseId": "eOCOwIR",
                "sets": 3,
                "reps": "12-15",
                "restSeconds": 45,
                "notes": "Focus on extending the elbows fully, feeling the triceps contract.",
                "tempo": "2-0-1-0"
              }
            ],
            "cooldown": [
              {
                "exerciseId": "XalXcvM",
                "sets": 2,
                "reps": "10-12",
                "restSeconds": 30,
                "notes": "Light weight, focus on stretching triceps and shoulders.",
                "tempo": "2-1-2-0"
              },
              {
                "exerciseId": "9XjtHvS",
                "sets": 2,
                "reps": "10-12",
                "restSeconds": 30,
                "notes": "Use a light dumbbell, focus on stretching the chest and lats.",
                "tempo": "2-1-2-0"
              }
            ],
            "coachingTips": [
              "Maintain strong core engagement throughout all exercises, especially during rows and presses.",
              "Finish strong! Focus on completing each rep with purpose."
            ],
            "progressionNotes": "Aim to increase the number of reps or slightly increase weight on one exercise each week."
          }
        }
      ],
      "restDays": [
        "saturday",
        "sunday"
      ],
      "totalEstimatedCalories": 1500
    }
  }
}[0m
[31m❌ Status: 500 Internal Server Error[0m
[1m
════════════════════════════════════════════════════════════════════════════════[0m
[1m  Scenario 3: Injury-Aware Workout Generation[0m
[1m════════════════════════════════════════════════════════════════════════════════[0m
[36mℹ️  Request: User with knee pain and lower back strain[0m
[36mℹ️  Expected: No squats, deadlifts, or knee-intensive exercises[0m
[31m❌ Exception: request to https://fitai-workers.sharmaharsh9887.workers.dev/workout/generate failed, reason: read ECONNRESET[0m
[1m
════════════════════════════════════════════════════════════════════════════════[0m
[1m  Scenario 4: Cache Behavior for Weekly Plans[0m
[1m════════════════════════════════════════════════════════════════════════════════[0m
[36mℹ️  Testing cache behavior...[0m
[36mℹ️  Call 1: Expecting fresh generation...[0m
[31m❌ Exception: request to https://fitai-workers.sharmaharsh9887.workers.dev/workout/generate failed, reason: [0m
[1m
════════════════════════════════════════════════════════════════════════════════[0m
[1m  Test Results Summary[0m
[1m════════════════════════════════════════════════════════════════════════════════[0m
[31m❌ Scenario 1: 3-Day Workout Plan[0m
[31m❌ Scenario 2: 5-Day Workout Plan[0m
[31m❌ Scenario 3: Injury-Aware Generation[0m
[31m❌ Scenario 4: Cache Behavior[0m
[0m[0m
[31m❌ SOME TESTS FAILED (0/4 passed)[0m
[1m
════════════════════════════════════════════════════════════════════════════════[0m
[1m  Weekly Workout Generation - End-to-End Tests[0m
[1m════════════════════════════════════════════════════════════════════════════════[0m
[34mBackend: https://fitai-workers.sharmaharsh9887.workers.dev[0m
[35mTest Mode: NO FALLBACK - Weekly Plan Only[0m
[34mTest User: harshsharmacop@gmail.com[0m
[36mℹ️  Authenticating with Supabase...[0m
[32m✅ Authenticated as harshsharmacop@gmail.com[0m
[1m
════════════════════════════════════════════════════════════════════════════════[0m
[1m  Scenario 1: 3-Day Workout Plan with Variety[0m
[1m════════════════════════════════════════════════════════════════════════════════[0m
[36mℹ️  Request: 3 workouts/week, gym equipment, muscle gain[0m
[36mℹ️  Expected: Push/Pull/Legs split with different exercises[0m
[32m✅ Generated in 45591ms[0m
[32m✅ Plan Title: 3-Day Dumbbell Push/Pull/Legs Split for Muscle Gain[0m
[32m✅ Total Workouts: 3[0m
[32m✅ Rest Days: tuesday, thursday, saturday, sunday[0m
[32m✅ ✓ Correct number of workouts (3)[0m
[32m✅ ✓ Workouts assigned to correct days[0m
[32m✅ ✓ All workouts have different titles: Push Day: Chest, Triceps & Shoulders, Pull Day: Back & Rear Delts, Leg Day: Quads, Hamstrings & Glutes[0m
[36mℹ️  Monday exercises: 6[0m
[36mℹ️  Wednesday exercises: 6[0m
[36mℹ️  Friday exercises: 6[0m
[36mℹ️  Monday-Wednesday overlap: 0 exercises[0m
[36mℹ️  Monday-Friday overlap: 0 exercises[0m
[36mℹ️  Wednesday-Friday overlap: 0 exercises[0m
[32m✅ ✓ PERFECT VARIETY - No exercise repetition across days![0m
[36mℹ️  🆕 Fresh generation[0m
[1m
════════════════════════════════════════════════════════════════════════════════[0m
[1m  Scenario 2: 5-Day Workout Plan with Variety[0m
[1m════════════════════════════════════════════════════════════════════════════════[0m
[36mℹ️  Request: 5 workouts/week, limited equipment, weight loss[0m
[36mℹ️  Expected: Mixed strength/cardio with variety[0m
[31m❌ API Error: {
  "code": "AI_GENERATION_FAILED",
  "message": "Failed to generate workout. Please try again.",
  "details": {
    "error": "Invalid error response format: Gateway request failed"
  }
}[0m
[31m❌ Status: 500 Internal Server Error[0m
[1m
════════════════════════════════════════════════════════════════════════════════[0m
[1m  Scenario 3: Injury-Aware Workout Generation[0m
[1m════════════════════════════════════════════════════════════════════════════════[0m
[36mℹ️  Request: User with knee pain and lower back strain[0m
[36mℹ️  Expected: No squats, deadlifts, or knee-intensive exercises[0m
[32m✅ Generated in 44951ms[0m
[36mℹ️  Total exercises across all workouts: 15[0m
[36mℹ️  Sample exercises: SpYC0Kp, rDAiRf9, 1qrWgZ2, RxayqAZ, s5PdDyY[0m
[32m✅ ✓ No obvious knee/back risky exercises detected[0m
[1m
════════════════════════════════════════════════════════════════════════════════[0m
[1m  Scenario 4: Cache Behavior for Weekly Plans[0m
[1m════════════════════════════════════════════════════════════════════════════════[0m
[36mℹ️  Testing cache behavior...[0m
[36mℹ️  Call 1: Expecting fresh generation...[0m
[31m❌ API Error on first call: [object Object][0m
[1m
════════════════════════════════════════════════════════════════════════════════[0m
[1m  Test Results Summary[0m
[1m════════════════════════════════════════════════════════════════════════════════[0m
[32m✅ Scenario 1: 3-Day Workout Plan[0m
[31m❌ Scenario 2: 5-Day Workout Plan[0m
[32m✅ Scenario 3: Injury-Aware Generation[0m
[31m❌ Scenario 4: Cache Behavior[0m
[0m[0m
[31m❌ SOME TESTS FAILED (2/4 passed)[0m
